// Jest Snapshot v1, https://goo.gl/fbAQLP

exports[`<Button /> is styled properly 1`] = `
.c0 {
  box-shadow: 0 4px 6px rgba(0,61,93,0.11), 0 1px 3px rgba(12,27,42,0.08);
  border: none;
  border-radius: 4px;
  cursor: pointer;
  outline: none;
  padding: 10px;
  -webkit-transition: all .15s ease;
  transition: all .15s ease;
}

.c0:disabled {
  background-color: rgba(101,101,101,0.15);
  cursor: not-allowed;
}

.c0:focus:not(:active):not(:disabled) {
  box-shadow: 0 7px 14px rgba(0,61,93,0.1), 0 3px 6px rgba(12,27,42,0.08);
  -webkit-transform: translateY(-1px);
  -ms-transform: translateY(-1px);
  transform: translateY(-1px);
}

.c0:hover:not(:disabled) {
  box-shadow: 0 7px 14px rgba(0,61,93,0.1), 0 3px 6px rgba(12,27,42,0.08);
  -webkit-transform: translateY(-1px);
  -ms-transform: translateY(-1px);
  transform: translateY(-1px);
}

.c0:active:not(:disabled) {
  box-shadow: 0 4px 6px rgba(0,61,93,0.11), 0 1px 3px rgba(12,27,42,0.08);
  -webkit-transform: translateY(1px);
  -ms-transform: translateY(1px);
  transform: translateY(1px);
}

<button
  class="c0"
/>
`;
