// Jest Snapshot v1, https://goo.gl/fbAQLP

exports[`<Card /> is styled properly 1`] = `
.c1 {
  display: -webkit-box;
  display: -webkit-flex;
  display: -ms-flexbox;
  display: flex;
  -webkit-flex: 1;
  -ms-flex: 1;
  flex: 1;
  -webkit-flex-direction: column;
  -ms-flex-direction: column;
  flex-direction: column;
}

.c0 {
  box-shadow: 0 4px 6px rgba(0,61,93,0.11), 0 1px 3px rgba(12,27,42,0.08);
  background-color: rgba(255,255,255,1);
  border-radius: 4px;
  -webkit-flex: none;
  -ms-flex: none;
  flex: none;
  padding: 10px;
}

<div
  class="c0 c1"
/>
`;
