// Jest Snapshot v1, https://goo.gl/fbAQLP

exports[`<Link /> without any props is an anchor with padding 1`] = `
.c0 {
  padding: 5px 15px;
}

<a
  class="c0"
  href="/foo"
/>
`;
